// Jest Snapshot v1, https://goo.gl/fbAQLP

exports[`test in <PrimeraApp /> should look the component <PrimeraApp /> correctly 1`] = `
<Fragment>
  <h1>
    Hola soy Juan
  </h1>
  <p>
    Mi primer componente
  </p>
</Fragment>
`;
